// Jest Snapshot v1, https://goo.gl/fbAQLP

exports[`Component | FeedbackModal.vue template should match snapshot 1`] = `
<div class="feedback-modal-wrapper">
  <modal-stub name="feedback-modal" delay="0" overlaytransition="overlay-fade" clicktoclose="true" classes="v--modal" minwidth="0" minheight="0" maxwidth="Infinity" maxheight="Infinity" width="600" height="415" pivotx="0.5" pivoty="0.5" class="feedback-modal">
    <div class="feedback-modal__header">
      <h2 class="feedback-modal__title">
        Leave a message
      </h2>
    </div>
    <div class="feedback-modal__body">
      <form class="feedback-modal__form">
        <!----> <label for="feedback-email" class="feedback-modal__label">
          Email:
        </label> <input id="feedback-email" placeholder="pierre@recontact.me" class="feedback-modal__email"> <label for="feedback-content" class="feedback-modal__label">
          Message:
        </label> <textarea id="feedback-content" placeholder="Your message here" class="feedback-modal__text"></textarea></form>
    </div>
    <div class="feedback-modal__footer">
      <div class="feedback-modal__actions"><button class="feedback-modal__action feedback-modal__action--send">
          Send
        </button> <button class="feedback-modal__action feedback-modal__action--cancel">
          Cancel
        </button></div>
    </div>
  </modal-stub>
</div>
`;
