// Jest Snapshot v1, https://goo.gl/fbAQLP

exports[`Component | AppButton.vue template should display anchor when tag is a 1`] = `
<a
  class="button"
  href="http://rec.me"
>
  anchor
</a>
`;

exports[`Component | AppButton.vue template should display nuxt link when tag is nuxt link 1`] = `
<nuxtlink
  class="button"
  to="http://rec.me"
>
  link
</nuxtlink>
`;

exports[`Component | AppButton.vue template should match snapshot 1`] = `
<button
  class="button"
  type="button"
/>
`;
