// Jest Snapshot v1, https://goo.gl/fbAQLP

exports[`Component | AdminDashboard.vue template should match snapshot 1`] = `
<div>
  <button
    class="dashboard__buttons"
    type="button"
  >
    Synchronise the new articles
  </button>
  <section>
    <button
      class="dashboard__buttons dashboard__sync_hidden"
      type="button"
    >
      Repare all articles
    </button>
    <label
      class="label"
      for="min"
    >
      Min:
    </label>
    <input
      class="input"
      id="min"
      placeholder="1"
    />
    <label
      class="label"
      for="max"
    >
      Max:
    </label>
    <input
      class="input"
      id="max"
      placeholder="87"
    />
  </section>
  <button
    class="dashboard__buttons dashboard__sync_hidden"
    type="button"
  >
    Delete all articles
  </button>
  <button
    class="dashboard__buttons dashboard__sync_hidden"
    type="button"
  >
    Delete and synchronise all articles
  </button>
  <br />
  <position-form-stub />
</div>
`;
