// Jest Snapshot v1, https://goo.gl/fbAQLP

exports[`Component | AdminDashboard.vue template should match snapshot 1`] = `
<div
  class="admin-dashboard"
>
  <button
    class="dashboard__buttons dashboard__sync_hidden"
    type="button"
  >
    
    getSubscribers
  
  </button>
   
  <button
    class="dashboard__buttons"
    type="button"
  >
    
    getNewArticles
  
  </button>
   
  <button
    class="dashboard__buttons dashboard__sync_hidden"
    type="button"
  >
    
    updateAllArticles
  
  </button>
   
  <label
    for="min"
  >
    min
  </label>
   
  <input
    id="min"
    placeholder="1"
  />
   
  <label
    for="max"
  >
    max
  </label>
   
  <input
    id="max"
    placeholder="87"
  />
   
  <button
    class="dashboard__buttons dashboard__sync_hidden"
    type="button"
  >
    
    deleteAllArticles
  
  </button>
   
  <button
    class="dashboard__buttons dashboard__sync_hidden"
    type="button"
  >
    
    deleteAndSyncAllArticles
  
  </button>
   
  <br />
   
  <position-form-stub />
</div>
`;
