// Jest Snapshot v1, https://goo.gl/fbAQLP

exports[`Component | Homepage.vue template should match snapshot on desktop 1`] = `
<div
  class="homepage"
>
  <app-header-stub />
  <div
    class="container"
  >
    <main
      class="main"
    >
      <h1
        class="h1"
      >
        Retrieve our articles all around the world:
      </h1>
      <world-map-stub />
      <p
        class="see-more"
      >
        Want to see always more?
      </p>
      <app-button-stub
        allowmultipleclick="false"
        class="see-articles"
        hide="false"
        tag="button"
        text="See the full list of articles"
      />
    </main>
    <aside
      style="min-width: 270px;"
    >
      <article-list-stub
        adminmode="false"
        articlesnumberlimit="3"
      />
    </aside>
  </div>
</div>
`;
