// Jest Snapshot v1, https://goo.gl/fbAQLP

exports[`Component | Homepage.vue template should match snapshot 1`] = `
<div class="homepage">
  <app-header-stub></app-header-stub>
  <div class="container">
    <main class="main">
      <h1 class="h1">
        Retrieve our articles all around the world:
      </h1>
      <!---->
      <p class="see-more">
        Want to see always more?
      </p>
      <app-button-stub text="See the full list of articles" class="see-articles"></app-button-stub>
    </main>
    <aside>
      <article-list-stub articlesnumberlimit="3"></article-list-stub>
    </aside>
  </div>
</div>
`;
