// Jest Snapshot v1, https://goo.gl/fbAQLP

exports[`Component | CommentForm.vue template should match snapshot 1`] = `
<div>
  <h2 class="form__title">
    Add a comment
  </h2>
  <form class="form">
    <header class="form__header">
      <div class="input-group author"><label for="author" class="form__label author">
          From
        </label> <input id="author" placeholder="Your name" autocomplete="off" spellcheck="false" class="forum__comment-box author"></div>
    </header>
    <div class="form__content">
      <div class="input-group comment"><label for="comment" class="form__label comment">
          Your message
        </label> <textarea id="comment" placeholder="Add your comment here!" class="forum__comment-box text"></textarea></div>
    </div>
    <footer class="form__footer">
      <app-button-stub text="Send" tag="button" type="submit" class="form-button"></app-button-stub>
    </footer>
  </form>
</div>
`;
