// Jest Snapshot v1, https://goo.gl/fbAQLP

exports[`Component | CommentForm.vue template should match snapshot 1`] = `
<div class="comment__form">
  <p class="form__title">
    addComment
  </p>
  <form class="form">
    <header class="form__header">
      <div class="input-group author">
        <!----> <input id="author" placeholder="name" class="forum__comment-box author"></div>
    </header>
    <main class="form__content">
      <div class="input-group comment"><label for="comment" class="form__label comment">
          text
        </label> <textarea id="comment" placeholder="textPlaceholder" class="forum__comment-box text"></textarea></div>
    </main>
    <footer class="form__footer"><button type="submit" class="form-button">
        send
      </button></footer>
  </form>
</div>
`;
