// Jest Snapshot v1, https://goo.gl/fbAQLP

exports[`Component | CommentList.vue template should match snapshot 1`] = `
<div
  class="comments-list"
>
  <h2
    class="forum__name"
  >
    
    hereTheComments
  
  </h2>
   
  <ul
    class="forum__comment-list"
  >
    <li
      class="comment__item"
    >
      <comment-card-stub
        comment="[object Object]"
      />
    </li>
  </ul>
</div>
`;
