// Jest Snapshot v1, https://goo.gl/fbAQLP

exports[`Component | AppHeader.vue template should match snapshot 1`] = `
<header class="header">
  <div class="container"><a title="Home page" href="/" class="logo"><span class="recontact">Recontact</span> <span class="me">Me</span> <img alt="Logo of the site" src="../../static/mstile-150x150.png" class="icon"></a>
    <!---->
    <nav aria-label="navigation">
      <ul class="navigation">
        <!---->
        <!---->
        <!---->
        <li class="link other-language"><button type="button" class="button other-language">
            Blog en Français
          </button></li>
      </ul>
    </nav>
  </div>
</header>
`;
