// Jest Snapshot v1, https://goo.gl/fbAQLP

exports[`Component | CommentForm.vue template should match snapshot 1`] = `
<div
  class="comment__form"
>
  <p
    class="form__title"
  >
    
    addComment
  
  </p>
   
  <form
    class="form"
  >
    <header
      class="form__header"
    >
      <div
        class="input-group author"
      >
        <!---->
         
        <input
          class="forum__comment-box author"
          id="author"
          placeholder="name"
        />
      </div>
    </header>
     
    <main
      class="form__content"
    >
      <div
        class="input-group comment"
      >
        <label
          class="form__label comment"
          for="comment"
        >
          
          text
        
        </label>
         
        <textarea
          class="forum__comment-box text"
          id="comment"
          placeholder="textPlaceholder"
        />
      </div>
    </main>
     
    <footer
      class="form__footer"
    >
      <button
        class="form-button"
        type="submit"
      >
        
        send
      
      </button>
    </footer>
  </form>
</div>
`;
