// Jest Snapshot v1, https://goo.gl/fbAQLP

exports[`Component | PositionForm.vue template should match snapshot 1`] = `
<form
  class="position__form"
>
  <p
    class="position__text"
  >
    
    lastPosition
  
  </p>
   
  <span
    class="form-group"
  >
    <label
      class="position__label"
      for="position-place"
    >
      
      place
    
    </label>
     
    <input
      class="position__input position__place"
      id="position-place"
      placeholder="Paris"
    />
  </span>
   
  <span
    class="form-group"
  >
    <label
      class="position__label"
      for="position-time"
    >
      
      time
    
    </label>
     
    <input
      class="position__input position__time"
      id="position-time"
      placeholder="le 1er mai 2018"
    />
  </span>
   
  <button
    class="position__button position__action--send"
    type="submit"
  >
    
    confirm
  
  </button>
</form>
`;
