// Jest Snapshot v1, https://goo.gl/fbAQLP

exports[`Component | SubscribeModal.vue template should match snapshot 1`] = `
<div class="subscribe-modal-wrapper">
  <modal-stub name="subscribe-modal" delay="0" overlaytransition="overlay-fade" clicktoclose="true" classes="v--modal" minwidth="0" minheight="0" maxwidth="Infinity" maxheight="Infinity" width="600" height="315" pivotx="0.5" pivoty="0.5" class="subscribe-modal">
    <div class="subscribe-modal__header">
      <h2 class="subscribe-modal__title">
        Subscribe
      </h2>
    </div>
    <div class="subscribe-modal__body">
      <form class="subscribe-modal__form">
        <!---->
        <p class="subscribe-modal__text">
          Receive one email for each new article.
        </p> <label for="subscribe-content" class="subscribe-modal__label">
          Email:
        </label> <input id="subscribe-content" placeholder="pierre@recontact.me" class="subscribe-modal__email">
      </form>
    </div>
    <div class="subscribe-modal__footer">
      <div class="subscribe-modal__actions"><button class="subscribe-modal__action subscribe-modal__action--send">
          Confirm
        </button> <button class="subscribe-modal__action subscribe-modal__action--cancel">
          Cancel
        </button></div>
    </div>
  </modal-stub>
</div>
`;
